µùò›µC
ùC{"Root":{"Path":"/","CreatedIndex":0,"ModifiedIndex":0,"ExpireTime":"0001-01-01T00:00:00Z","Value":"","Children":{"0":{"Path":"/0","CreatedIndex":0,"ModifiedIndex":0,"ExpireTime":"0001-01-01T00:00:00Z","Value":"","Children":{"members":{"Path":"/0/members","CreatedIndex":1,"ModifiedIndex":1,"ExpireTime":"0001-01-01T00:00:00Z","Value":"","Children":{"8e9e05c52164694d":{"Path":"/0/members/8e9e05c52164694d","CreatedIndex":1,"ModifiedIndex":1,"ExpireTime":"0001-01-01T00:00:00Z","Value":"","Children":{"attributes":{"Path":"/0/members/8e9e05c52164694d/attributes","CreatedIndex":11,"ModifiedIndex":11,"ExpireTime":"0001-01-01T00:00:00Z","Value":"{\"name\":\"default\",\"clientURLs\":[\"http://localhost:2379\"]}","Children":null},"raftAttributes":{"Path":"/0/members/8e9e05c52164694d/raftAttributes","CreatedIndex":1,"ModifiedIndex":1,"ExpireTime":"0001-01-01T00:00:00Z","Value":"{\"peerURLs\":[\"http://localhost:2380\"]}","Children":null}}}}},"version":{"Path":"/0/version","CreatedIndex":3,"ModifiedIndex":3,"ExpireTime":"0001-01-01T00:00:00Z","Value":"3.2.0","Children":null}}},"1":{"Path":"/1","CreatedIndex":0,"ModifiedIndex":0,"ExpireTime":"0001-01-01T00:00:00Z","Value":"","Children":{"g1":{"Path":"/1/g1","CreatedIndex":8,"ModifiedIndex":8,"ExpireTime":"0001-01-01T00:00:00Z","Value":"","Children":{}},"hello":{"Path":"/1/hello","CreatedIndex":6,"ModifiedIndex":7,"ExpireTime":"0001-01-01T00:00:00Z","Value":"world1","Children":null}}}}},"WatcherHub":{"EventHistory":{"Queue":{"Events":[{"action":"create","node":{"key":"/0/members/8e9e05c52164694d/raftAttributes","value":"{\"peerURLs\":[\"http://localhost:2380\"]}","modifiedIndex":1,"createdIndex":1}},{"action":"set","node":{"key":"/0/members/8e9e05c52164694d/attributes","value":"{\"name\":\"default\",\"clientURLs\":[\"http://localhost:2379\"]}","modifiedIndex":2,"createdIndex":2}},{"action":"set","node":{"key":"/0/version","value":"3.2.0","modifiedIndex":3,"createdIndex":3}},{"action":"set","node":{"key":"/1/hello","value":"world","modifiedIndex":4,"createdIndex":4}},{"action":"delete","node":{"key":"/1/hello","modifiedIndex":5,"createdIndex":4},"prevNode":{"key":"/1/hello","value":"world","modifiedIndex":4,"createdIndex":4}},{"action":"set","node":{"key":"/1/hello","value":"world","modifiedIndex":6,"createdIndex":6}},{"action":"update","node":{"key":"/1/hello","value":"world1","modifiedIndex":7,"createdIndex":6},"prevNode":{"key":"/1/hello","value":"world","modifiedIndex":6,"createdIndex":6}},{"action":"create","node":{"key":"/1/g1","dir":true,"modifiedIndex":8,"createdIndex":8}},{"action":"update","node":{"key":"/1/g1","dir":true,"modifiedIndex":9,"createdIndex":8},"prevNode":{"key":"/1/g1","dir":true,"modifiedIndex":8,"createdIndex":8}},{"action":"update","node":{"key":"/1/g1","dir":true,"modifiedIndex":10,"createdIndex":8},"prevNode":{"key":"/1/g1","dir":true,"modifiedIndex":8,"createdIndex":8}},{"action":"set","node":{"key":"/0/members/8e9e05c52164694d/attributes","value":"{\"name\":\"default\",\"clientURLs\":[\"http://localhost:2379\"]}","modifiedIndex":11,"createdIndex":11},"prevNode":{"key":"/0/members/8e9e05c52164694d/attributes","value":"{\"name\":\"default\",\"clientURLs\":[\"http://localhost:2379\"]}","modifiedIndex":2,"createdIndex":2}},null,null,null,null,null,null,null,null,null,null,null,null,null,null,null,null,null,null,null,null,null,null,null,null,null,null,null,null,null,null,null,null,null,null,null,null,null,null,null,null,null,null,null,null,null,null,null,null,null,null,null,null,null,null,null,null,null,null,null,null,null,null,null,null,null,null,null,null,null,null,null,null,null,null,null,null,null,null,null,null,null,null,null,null,null,null,null,null,null,null,null,null,null,null,null,null,null,null,null,null,null,null,null,null,null,null,null,null,null,null,null,null,null,null,null,null,null,null,null,null,null,null,null,null,null,null,null,null,null,null,null,null,null,null,null,null,null,null,null,null,null,null,null,null,null,null,null,null,null,null,null,null,null,null,null,null,null,null,null,null,null,null,null,null,null,null,null,null,null,null,null,null,null,null,null,null,null,null,null,null,null,null,null,null,null,null,null,null,null,null,null,null,null,null,null,null,null,null,null,null,null,null,null,null,null,null,null,null,null,null,null,null,null,null,null,null,null,null,null,null,null,null,null,null,null,null,null,null,null,null,null,null,null,null,null,null,null,null,null,null,null,null,null,null,null,null,null,null,null,null,null,null,null,null,null,null,null,null,null,null,null,null,null,null,null,null,null,null,null,null,null,null,null,null,null,null,null,null,null,null,null,null,null,null,null,null,null,null,null,null,null,null,null,null,null,null,null,null,null,null,null,null,null,null,null,null,null,null,null,null,null,null,null,null,null,null,null,null,null,null,null,null,null,null,null,null,null,null,null,null,null,null,null,null,null,null,null,null,null,null,null,null,null,null,null,null,null,null,null,null,null,null,null,null,null,null,null,null,null,null,null,null,null,null,null,null,null,null,null,null,null,null,null,null,null,null,null,null,null,null,null,null,null,null,null,null,null,null,null,null,null,null,null,null,null,null,null,null,null,null,null,null,null,null,null,null,null,null,null,null,null,null,null,null,null,null,null,null,null,null,null,null,null,null,null,null,null,null,null,null,null,null,null,null,null,null,null,null,null,null,null,null,null,null,null,null,null,null,null,null,null,null,null,null,null,null,null,null,null,null,null,null,null,null,null,null,null,null,null,null,null,null,null,null,null,null,null,null,null,null,null,null,null,null,null,null,null,null,null,null,null,null,null,null,null,null,null,null,null,null,null,null,null,null,null,null,null,null,null,null,null,null,null,null,null,null,null,null,null,null,null,null,null,null,null,null,null,null,null,null,null,null,null,null,null,null,null,null,null,null,null,null,null,null,null,null,null,null,null,null,null,null,null,null,null,null,null,null,null,null,null,null,null,null,null,null,null,null,null,null,null,null,null,null,null,null,null,null,null,null,null,null,null,null,null,null,null,null,null,null,null,null,null,null,null,null,null,null,null,null,null,null,null,null,null,null,null,null,null,null,null,null,null,null,null,null,null,null,null,null,null,null,null,null,null,null,null,null,null,null,null,null,null,null,null,null,null,null,null,null,null,null,null,null,null,null,null,null,null,null,null,null,null,null,null,null,null,null,null,null,null,null,null,null,null,null,null,null,null,null,null,null,null,null,null,null,null,null,null,null,null,null,null,null,null,null,null,null,null,null,null,null,null,null,null,null,null,null,null,null,null,null,null,null,null,null,null,null,null,null,null,null,null,null,null,null,null,null,null,null,null,null,null,null,null,null,null,null,null,null,null,null,null,null,null,null,null,null,null,null,null,null,null,null,null,null,null,null,null,null,null,null,null,null,null,null,null,null,null,null,null,null,null,null,null,null,null,null,null,null,null,null,null,null,null,null,null,null,null,null,null,null,null,null,null,null,null,null,null,null,null,null,null,null,null,null,null,null,null,null,null,null,null,null,null,null,null,null,null,null,null,null,null,null,null,null,null,null,null,null,null,null,null,null,null,null,null,null,null,null,null,null,null,null,null,null,null,null,null,null,null,null,null,null,null,null,null,null,null,null,null,null,null,null,null,null,null,null,null,null,null,null,null,null,null,null,null,null,null,null,null,null,null,null,null,null,null,null,null,null,null,null,null,null,null,null,null,null,null,null,null,null,null,null,null,null,null,null,null,null,null,null,null,null,null,null,null,null,null,null,null,null,null,null,null,null,null,null,null,null,null,null,null,null,null,null,null,null,null,null,null,null,null,null,null,null,null,null,null,null,null,null,null,null,null,null,null,null,null,null,null,null,null,null,null,null,null,null,null,null,null,null,null,null,null,null,null,null,null,null,null,null,null,null,null,null,null,null,null,null,null,null,null,null,null,null,null,null,null],"Size":11,"Front":0,"Back":11,"Capacity":1000},"StartIndex":1,"LastIndex":11}},"CurrentIndex":11,"Stats":{"getsSuccess":11,"getsFail":26,"setsSuccess":5,"setsFail":0,"deleteSuccess":1,"deleteFail":0,"updateSuccess":3,"updateFail":0,"createSuccess":2,"createFail":0,"compareAndSwapSuccess":0,"compareAndSwapFail":0,"compareAndDeleteSuccess":0,"compareAndDeleteFail":0,"expireCount":0,"watchers":0},"CurrentVersion":2}
Õ“ëã“∏Åœé„ß